Component: ARM Compiler 5.06 update 4 (build 422) Tool: armlink [4d35d2]

==============================================================================

Section Cross References

    startup_stm32f413xx.o(STACK) refers (Special) to heapauxi.o(.text) for __use_two_region_memory
    startup_stm32f413xx.o(HEAP) refers (Special) to heapauxi.o(.text) for __use_two_region_memory
    startup_stm32f413xx.o(RESET) refers (Special) to heapauxi.o(.text) for __use_two_region_memory
    startup_stm32f413xx.o(RESET) refers to startup_stm32f413xx.o(STACK) for __initial_sp
    startup_stm32f413xx.o(RESET) refers to startup_stm32f413xx.o(.text) for Reset_Handler
    startup_stm32f413xx.o(.text) refers (Special) to heapauxi.o(.text) for __use_two_region_memory
    startup_stm32f413xx.o(.text) refers to system_stm32f4xx.o(i.SystemInit) for SystemInit
    startup_stm32f413xx.o(.text) refers to main.o(.text) for __main
    startup_stm32f413xx.o(.text) refers to startup_stm32f413xx.o(HEAP) for Heap_Mem
    startup_stm32f413xx.o(.text) refers to startup_stm32f413xx.o(STACK) for Stack_Mem
    system_stm32f4xx.o(i.SystemCoreClockUpdate) refers to system_stm32f4xx.o(.data) for SystemCoreClock
    system_stm32f4xx.o(i.SystemCoreClockUpdate) refers to system_stm32f4xx.o(.constdata) for AHBPrescTable


==============================================================================

Removing Unused input sections from the image.

    Removing system_stm32f4xx.o(.rev16_text), (4 bytes).
    Removing system_stm32f4xx.o(.revsh_text), (4 bytes).
    Removing system_stm32f4xx.o(.rrx_text), (6 bytes).
    Removing system_stm32f4xx.o(i.SystemCoreClockUpdate), (192 bytes).
    Removing system_stm32f4xx.o(.constdata), (24 bytes).
    Removing system_stm32f4xx.o(.data), (4 bytes).

6 unused section(s) (total 234 bytes) removed from the image.

==============================================================================

Image Symbol Table

    Local Symbols

    Symbol Name                              Value     Ov Type        Size  Object(Section)

    ../clib/heapaux.c                        0x00000000   Number         0  heapauxi.o ABSOLUTE
    RTE\Device\STM32F413ZHTx\startup_stm32f413xx.s 0x00000000   Number         0  startup_stm32f413xx.o ABSOLUTE
    RTE\Device\STM32F413ZHTx\system_stm32f4xx.c 0x00000000   Number         0  system_stm32f4xx.o ABSOLUTE
    RTE\\Device\\STM32F413ZHTx\\system_stm32f4xx.c 0x00000000   Number         0  system_stm32f4xx.o ABSOLUTE
    dc.s                                     0x00000000   Number         0  dc.o ABSOLUTE
    main.s                                   0x00000000   Number         0  main.o ABSOLUTE
    RESET                                    0x08000000   Section      472  startup_stm32f413xx.o(RESET)
    .text                                    0x080001d8   Section       68  main.o(.text)
    $v0                                      0x080001d8   Number         0  main.o(.text)
    .text                                    0x0800021c   Section       64  startup_stm32f413xx.o(.text)
    $v0                                      0x0800021c   Number         0  startup_stm32f413xx.o(.text)
    .text                                    0x0800025c   Section        0  heapauxi.o(.text)
    i.SystemInit                             0x08000264   Section        0  system_stm32f4xx.o(i.SystemInit)
    HEAP                                     0x20000000   Section      512  startup_stm32f413xx.o(HEAP)
    Heap_Mem                                 0x20000000   Data         512  startup_stm32f413xx.o(HEAP)
    STACK                                    0x20000200   Section     1024  startup_stm32f413xx.o(STACK)
    Stack_Mem                                0x20000200   Data        1024  startup_stm32f413xx.o(STACK)
    __initial_sp                             0x20000600   Data           0  startup_stm32f413xx.o(STACK)

    Global Symbols

    Symbol Name                              Value     Ov Type        Size  Object(Section)

    BuildAttributes$$THM_ISAv4$E$P$D$K$B$S$7EM$VFPi3$EXTD16$VFPS$VFMA$PE$A:L22UL41UL21$X:L11$S22US41US21$IEEE1$IW$USESV6$~STKCKD$USESV7$~SHL$OSPACE$ROPI$EBA8$STANDARDLIB$REQ8$PRES8$EABIv2 0x00000000   Number         0  anon$$obj.o ABSOLUTE
    __Vectors_Size                           0x000001d8   Number         0  startup_stm32f413xx.o ABSOLUTE
    __Vectors                                0x08000000   Data           4  startup_stm32f413xx.o(RESET)
    __Vectors_End                            0x080001d8   Data           0  startup_stm32f413xx.o(RESET)
    __main                                   0x080001d9   Thumb Code     0  main.o(.text)
    Reset_Handler                            0x0800021d   Thumb Code     8  startup_stm32f413xx.o(.text)
    NMI_Handler                              0x08000225   Thumb Code     2  startup_stm32f413xx.o(.text)
    HardFault_Handler                        0x08000227   Thumb Code     2  startup_stm32f413xx.o(.text)
    MemManage_Handler                        0x08000229   Thumb Code     2  startup_stm32f413xx.o(.text)
    BusFault_Handler                         0x0800022b   Thumb Code     2  startup_stm32f413xx.o(.text)
    UsageFault_Handler                       0x0800022d   Thumb Code     2  startup_stm32f413xx.o(.text)
    SVC_Handler                              0x0800022f   Thumb Code     2  startup_stm32f413xx.o(.text)
    DebugMon_Handler                         0x08000231   Thumb Code     2  startup_stm32f413xx.o(.text)
    PendSV_Handler                           0x08000233   Thumb Code     2  startup_stm32f413xx.o(.text)
    SysTick_Handler                          0x08000235   Thumb Code     2  startup_stm32f413xx.o(.text)
    ADC_IRQHandler                           0x08000237   Thumb Code     0  startup_stm32f413xx.o(.text)
    CAN1_RX0_IRQHandler                      0x08000237   Thumb Code     0  startup_stm32f413xx.o(.text)
    CAN1_RX1_IRQHandler                      0x08000237   Thumb Code     0  startup_stm32f413xx.o(.text)
    CAN1_SCE_IRQHandler                      0x08000237   Thumb Code     0  startup_stm32f413xx.o(.text)
    CAN1_TX_IRQHandler                       0x08000237   Thumb Code     0  startup_stm32f413xx.o(.text)
    CAN2_RX0_IRQHandler                      0x08000237   Thumb Code     0  startup_stm32f413xx.o(.text)
    CAN2_RX1_IRQHandler                      0x08000237   Thumb Code     0  startup_stm32f413xx.o(.text)
    CAN2_SCE_IRQHandler                      0x08000237   Thumb Code     0  startup_stm32f413xx.o(.text)
    CAN2_TX_IRQHandler                       0x08000237   Thumb Code     0  startup_stm32f413xx.o(.text)
    CAN3_RX0_IRQHandler                      0x08000237   Thumb Code     0  startup_stm32f413xx.o(.text)
    CAN3_RX1_IRQHandler                      0x08000237   Thumb Code     0  startup_stm32f413xx.o(.text)
    CAN3_SCE_IRQHandler                      0x08000237   Thumb Code     0  startup_stm32f413xx.o(.text)
    CAN3_TX_IRQHandler                       0x08000237   Thumb Code     0  startup_stm32f413xx.o(.text)
    DFSDM1_FLT0_IRQHandler                   0x08000237   Thumb Code     0  startup_stm32f413xx.o(.text)
    DFSDM1_FLT1_IRQHandler                   0x08000237   Thumb Code     0  startup_stm32f413xx.o(.text)
    DFSDM2_FLT0_IRQHandler                   0x08000237   Thumb Code     0  startup_stm32f413xx.o(.text)
    DFSDM2_FLT1_IRQHandler                   0x08000237   Thumb Code     0  startup_stm32f413xx.o(.text)
    DFSDM2_FLT2_IRQHandler                   0x08000237   Thumb Code     0  startup_stm32f413xx.o(.text)
    DFSDM2_FLT3_IRQHandler                   0x08000237   Thumb Code     0  startup_stm32f413xx.o(.text)
    DMA1_Stream0_IRQHandler                  0x08000237   Thumb Code     0  startup_stm32f413xx.o(.text)
    DMA1_Stream1_IRQHandler                  0x08000237   Thumb Code     0  startup_stm32f413xx.o(.text)
    DMA1_Stream2_IRQHandler                  0x08000237   Thumb Code     0  startup_stm32f413xx.o(.text)
    DMA1_Stream3_IRQHandler                  0x08000237   Thumb Code     0  startup_stm32f413xx.o(.text)
    DMA1_Stream4_IRQHandler                  0x08000237   Thumb Code     0  startup_stm32f413xx.o(.text)
    DMA1_Stream5_IRQHandler                  0x08000237   Thumb Code     0  startup_stm32f413xx.o(.text)
    DMA1_Stream6_IRQHandler                  0x08000237   Thumb Code     0  startup_stm32f413xx.o(.text)
    DMA1_Stream7_IRQHandler                  0x08000237   Thumb Code     0  startup_stm32f413xx.o(.text)
    DMA2_Stream0_IRQHandler                  0x08000237   Thumb Code     0  startup_stm32f413xx.o(.text)
    DMA2_Stream1_IRQHandler                  0x08000237   Thumb Code     0  startup_stm32f413xx.o(.text)
    DMA2_Stream2_IRQHandler                  0x08000237   Thumb Code     0  startup_stm32f413xx.o(.text)
    DMA2_Stream3_IRQHandler                  0x08000237   Thumb Code     0  startup_stm32f413xx.o(.text)
    DMA2_Stream4_IRQHandler                  0x08000237   Thumb Code     0  startup_stm32f413xx.o(.text)
    DMA2_Stream5_IRQHandler                  0x08000237   Thumb Code     0  startup_stm32f413xx.o(.text)
    DMA2_Stream6_IRQHandler                  0x08000237   Thumb Code     0  startup_stm32f413xx.o(.text)
    DMA2_Stream7_IRQHandler                  0x08000237   Thumb Code     0  startup_stm32f413xx.o(.text)
    EXTI0_IRQHandler                         0x08000237   Thumb Code     0  startup_stm32f413xx.o(.text)
    EXTI15_10_IRQHandler                     0x08000237   Thumb Code     0  startup_stm32f413xx.o(.text)
    EXTI1_IRQHandler                         0x08000237   Thumb Code     0  startup_stm32f413xx.o(.text)
    EXTI2_IRQHandler                         0x08000237   Thumb Code     0  startup_stm32f413xx.o(.text)
    EXTI3_IRQHandler                         0x08000237   Thumb Code     0  startup_stm32f413xx.o(.text)
    EXTI4_IRQHandler                         0x08000237   Thumb Code     0  startup_stm32f413xx.o(.text)
    EXTI9_5_IRQHandler                       0x08000237   Thumb Code     0  startup_stm32f413xx.o(.text)
    FLASH_IRQHandler                         0x08000237   Thumb Code     0  startup_stm32f413xx.o(.text)
    FMPI2C1_ER_IRQHandler                    0x08000237   Thumb Code     0  startup_stm32f413xx.o(.text)
    FMPI2C1_EV_IRQHandler                    0x08000237   Thumb Code     0  startup_stm32f413xx.o(.text)
    FPU_IRQHandler                           0x08000237   Thumb Code     0  startup_stm32f413xx.o(.text)
    FSMC_IRQHandler                          0x08000237   Thumb Code     0  startup_stm32f413xx.o(.text)
    I2C1_ER_IRQHandler                       0x08000237   Thumb Code     0  startup_stm32f413xx.o(.text)
    I2C1_EV_IRQHandler                       0x08000237   Thumb Code     0  startup_stm32f413xx.o(.text)
    I2C2_ER_IRQHandler                       0x08000237   Thumb Code     0  startup_stm32f413xx.o(.text)
    I2C2_EV_IRQHandler                       0x08000237   Thumb Code     0  startup_stm32f413xx.o(.text)
    I2C3_ER_IRQHandler                       0x08000237   Thumb Code     0  startup_stm32f413xx.o(.text)
    I2C3_EV_IRQHandler                       0x08000237   Thumb Code     0  startup_stm32f413xx.o(.text)
    LPTIM1_IRQHandler                        0x08000237   Thumb Code     0  startup_stm32f413xx.o(.text)
    OTG_FS_IRQHandler                        0x08000237   Thumb Code     0  startup_stm32f413xx.o(.text)
    OTG_FS_WKUP_IRQHandler                   0x08000237   Thumb Code     0  startup_stm32f413xx.o(.text)
    PVD_IRQHandler                           0x08000237   Thumb Code     0  startup_stm32f413xx.o(.text)
    QUADSPI_IRQHandler                       0x08000237   Thumb Code     0  startup_stm32f413xx.o(.text)
    RCC_IRQHandler                           0x08000237   Thumb Code     0  startup_stm32f413xx.o(.text)
    RNG_IRQHandler                           0x08000237   Thumb Code     0  startup_stm32f413xx.o(.text)
    RTC_Alarm_IRQHandler                     0x08000237   Thumb Code     0  startup_stm32f413xx.o(.text)
    RTC_WKUP_IRQHandler                      0x08000237   Thumb Code     0  startup_stm32f413xx.o(.text)
    SAI1_IRQHandler                          0x08000237   Thumb Code     0  startup_stm32f413xx.o(.text)
    SDIO_IRQHandler                          0x08000237   Thumb Code     0  startup_stm32f413xx.o(.text)
    SPI1_IRQHandler                          0x08000237   Thumb Code     0  startup_stm32f413xx.o(.text)
    SPI2_IRQHandler                          0x08000237   Thumb Code     0  startup_stm32f413xx.o(.text)
    SPI3_IRQHandler                          0x08000237   Thumb Code     0  startup_stm32f413xx.o(.text)
    SPI4_IRQHandler                          0x08000237   Thumb Code     0  startup_stm32f413xx.o(.text)
    SPI5_IRQHandler                          0x08000237   Thumb Code     0  startup_stm32f413xx.o(.text)
    TAMP_STAMP_IRQHandler                    0x08000237   Thumb Code     0  startup_stm32f413xx.o(.text)
    TIM1_BRK_TIM9_IRQHandler                 0x08000237   Thumb Code     0  startup_stm32f413xx.o(.text)
    TIM1_CC_IRQHandler                       0x08000237   Thumb Code     0  startup_stm32f413xx.o(.text)
    TIM1_TRG_COM_TIM11_IRQHandler            0x08000237   Thumb Code     0  startup_stm32f413xx.o(.text)
    TIM1_UP_TIM10_IRQHandler                 0x08000237   Thumb Code     0  startup_stm32f413xx.o(.text)
    TIM2_IRQHandler                          0x08000237   Thumb Code     0  startup_stm32f413xx.o(.text)
    TIM3_IRQHandler                          0x08000237   Thumb Code     0  startup_stm32f413xx.o(.text)
    TIM4_IRQHandler                          0x08000237   Thumb Code     0  startup_stm32f413xx.o(.text)
    TIM5_IRQHandler                          0x08000237   Thumb Code     0  startup_stm32f413xx.o(.text)
    TIM6_DAC_IRQHandler                      0x08000237   Thumb Code     0  startup_stm32f413xx.o(.text)
    TIM7_IRQHandler                          0x08000237   Thumb Code     0  startup_stm32f413xx.o(.text)
    TIM8_BRK_TIM12_IRQHandler                0x08000237   Thumb Code     0  startup_stm32f413xx.o(.text)
    TIM8_CC_IRQHandler                       0x08000237   Thumb Code     0  startup_stm32f413xx.o(.text)
    TIM8_TRG_COM_TIM14_IRQHandler            0x08000237   Thumb Code     0  startup_stm32f413xx.o(.text)
    TIM8_UP_TIM13_IRQHandler                 0x08000237   Thumb Code     0  startup_stm32f413xx.o(.text)
    UART10_IRQHandler                        0x08000237   Thumb Code     0  startup_stm32f413xx.o(.text)
    UART4_IRQHandler                         0x08000237   Thumb Code     0  startup_stm32f413xx.o(.text)
    UART5_IRQHandler                         0x08000237   Thumb Code     0  startup_stm32f413xx.o(.text)
    UART7_IRQHandler                         0x08000237   Thumb Code     0  startup_stm32f413xx.o(.text)
    UART8_IRQHandler                         0x08000237   Thumb Code     0  startup_stm32f413xx.o(.text)
    UART9_IRQHandler                         0x08000237   Thumb Code     0  startup_stm32f413xx.o(.text)
    USART1_IRQHandler                        0x08000237   Thumb Code     0  startup_stm32f413xx.o(.text)
    USART2_IRQHandler                        0x08000237   Thumb Code     0  startup_stm32f413xx.o(.text)
    USART3_IRQHandler                        0x08000237   Thumb Code     0  startup_stm32f413xx.o(.text)
    USART6_IRQHandler                        0x08000237   Thumb Code     0  startup_stm32f413xx.o(.text)
    WWDG_IRQHandler                          0x08000237   Thumb Code     0  startup_stm32f413xx.o(.text)
    __user_initial_stackheap                 0x08000239   Thumb Code     0  startup_stm32f413xx.o(.text)
    __use_two_region_memory                  0x0800025d   Thumb Code     2  heapauxi.o(.text)
    __rt_heap_escrow$2region                 0x0800025f   Thumb Code     2  heapauxi.o(.text)
    __rt_heap_expand$2region                 0x08000261   Thumb Code     2  heapauxi.o(.text)
    SystemInit                               0x08000265   Thumb Code    82  system_stm32f4xx.o(i.SystemInit)



==============================================================================

Memory Map of the image

  Image Entry point : 0x0800021d

  Load Region LR_1 (Base: 0x08000000, Size: 0x000002c8, Max: 0xffffffff, ABSOLUTE)

    Execution Region ER_RO (Base: 0x08000000, Size: 0x000002c8, Max: 0xffffffff, ABSOLUTE)

    Base Addr    Size         Type   Attr      Idx    E Section Name        Object

    0x08000000   0x000001d8   Data   RO            8    RESET               startup_stm32f413xx.o
    0x080001d8   0x00000044   Code   RO            1    .text               main.o
    0x0800021c   0x00000040   Code   RO            9  * .text               startup_stm32f413xx.o
    0x0800025c   0x00000006   Code   RO           78    .text               c_w.l(heapauxi.o)
    0x08000262   0x00000002   PAD
    0x08000264   0x00000064   Code   RO           17    i.SystemInit        system_stm32f4xx.o


    Execution Region ER_RW (Base: 0x20000000, Size: 0x00000000, Max: 0xffffffff, ABSOLUTE)

    **** No section assigned to this execution region ****


    Execution Region ER_ZI (Base: 0x20000000, Size: 0x00000600, Max: 0xffffffff, ABSOLUTE)

    Base Addr    Size         Type   Attr      Idx    E Section Name        Object

    0x20000000   0x00000200   Zero   RW            7    HEAP                startup_stm32f413xx.o
    0x20000200   0x00000400   Zero   RW            6    STACK               startup_stm32f413xx.o


==============================================================================

Image component sizes


      Code (inc. data)   RO Data    RW Data    ZI Data      Debug   Object Name

        68         16          0          0          0        236   main.o
        64         26        472          0       1536        844   startup_stm32f413xx.o
       100         18          0          0          0       1949   system_stm32f4xx.o

    ----------------------------------------------------------------------
       232         60        472          0       1536       3029   Object Totals
         0          0          0          0          0          0   (incl. Generated)
         0          0          0          0          0          0   (incl. Padding)

    ----------------------------------------------------------------------

      Code (inc. data)   RO Data    RW Data    ZI Data      Debug   Library Member Name

         6          0          0          0          0        152   heapauxi.o

    ----------------------------------------------------------------------
         8          0          0          0          0        152   Library Totals
         2          0          0          0          0          0   (incl. Padding)

    ----------------------------------------------------------------------

      Code (inc. data)   RO Data    RW Data    ZI Data      Debug   Library Name

         6          0          0          0          0        152   c_w.l

    ----------------------------------------------------------------------
         8          0          0          0          0        152   Library Totals

    ----------------------------------------------------------------------

==============================================================================


      Code (inc. data)   RO Data    RW Data    ZI Data      Debug   

       240         60        472          0       1536       3181   Grand Totals
       240         60        472          0       1536       3181   ELF Image Totals
       240         60        472          0          0          0   ROM Totals

==============================================================================

    Total RO  Size (Code + RO Data)                  712 (   0.70kB)
    Total RW  Size (RW Data + ZI Data)              1536 (   1.50kB)
    Total ROM Size (Code + RO Data + RW Data)        712 (   0.70kB)

==============================================================================

